#
# There is insufficient memory for the Java Runtime Environment to continue.
# Native memory allocation (malloc) failed to allocate 1294096 bytes. Error detail: Chunk::new
# Possible reasons:
#   The system is out of physical RAM or swap space
#   This process is running with CompressedOops enabled, and the Java Heap may be blocking the growth of the native heap
# Possible solutions:
#   Reduce memory load on the system
#   Increase physical memory or swap space
#   Check if swap backing store is full
#   Decrease Java heap size (-Xmx/-Xms)
#   Decrease number of Java threads
#   Decrease Java thread stack sizes (-Xss)
#   Set larger code cache with -XX:ReservedCodeCacheSize=
#   JVM is running with Unscaled Compressed Oops mode in which the Java heap is
#     placed in the first 4GB address space. The Java Heap base address is the
#     maximum limit for the native heap growth. Please use -XX:HeapBaseMinAddress
#     to set the Java Heap base and to place the Java Heap above 4GB virtual address.
# This output file may be truncated or incomplete.
#
#  Out of Memory Error (arena.cpp:168), pid=23116, tid=22356
#
# JRE version: OpenJDK Runtime Environment (21.0.6) (build 21.0.6+-13391695-b895.109)
# Java VM: OpenJDK 64-Bit Server VM (21.0.6+-13391695-b895.109, mixed mode, tiered, compressed oops, compressed class ptrs, g1 gc, windows-amd64)
# No core dump will be written. Minidumps are not enabled by default on client versions of Windows
#

---------------  S U M M A R Y ------------

Command Line: --add-opens=java.base/java.lang=ALL-UNNAMED --add-opens=java.base/java.lang.invoke=ALL-UNNAMED --add-opens=java.base/java.util=ALL-UNNAMED --add-opens=java.prefs/java.util.prefs=ALL-UNNAMED --add-exports=jdk.compiler/com.sun.tools.javac.api=ALL-UNNAMED --add-exports=jdk.compiler/com.sun.tools.javac.util=ALL-UNNAMED --add-opens=java.base/java.util=ALL-UNNAMED --add-opens=java.prefs/java.util.prefs=ALL-UNNAMED --add-opens=java.base/java.nio.charset=ALL-UNNAMED --add-opens=java.base/java.net=ALL-UNNAMED --add-opens=java.base/java.util.concurrent.atomic=ALL-UNNAMED --add-opens=java.xml/javax.xml.namespace=ALL-UNNAMED -Xmx2048m -Dfile.encoding=UTF-8 -Duser.country=FR -Duser.language=fr -Duser.variant -javaagent:C:\Users\HP\.gradle\wrapper\dists\gradle-8.13-bin\5xuhj0ry160q40clulazy9h7d\gradle-8.13\lib\agents\gradle-instrumentation-agent-8.13.jar org.gradle.launcher.daemon.bootstrap.GradleDaemon 8.13

Host: Intel(R) Core(TM) i5-8265U CPU @ 1.60GHz, 8 cores, 7G,  Windows 11 , 64 bit Build 22621 (10.0.22621.5415)
Time: Wed Oct  8 23:21:11 2025 Maroc (heure d64 bit Build 22621 (10.0.22621.5415) elapsed time: 15.376772 seconds (0d 0h 0m 15s)

---------------  T H R E A D  ---------------

Current thread (0x00000170df0712c0):  JavaThread "C2 CompilerThread0" daemon [_thread_in_native, id=22356, stack(0x0000000b83100000,0x0000000b83200000) (1024K)]


Current CompileTask:
C2:15376 6134       4       java.net.URLClassLoader$1::run (5 bytes)

Stack: [0x0000000b83100000,0x0000000b83200000]
Native frames: (J=compiled Java code, j=interpreted, Vv=VM code, C=native code)
V  [jvm.dll+0x6d0639]
V  [jvm.dll+0x85eb03]
V  [jvm.dll+0x86105e]
V  [jvm.dll+0x861743]
V  [jvm.dll+0x27e6e6]
V  [jvm.dll+0xbff6d]
V  [jvm.dll+0xc04a3]
V  [jvm.dll+0x3b6171]
V  [jvm.dll+0x1de684]
V  [jvm.dll+0x247dd4]
V  [jvm.dll+0x247251]
V  [jvm.dll+0x1c5f04]
V  [jvm.dll+0x2569ac]
V  [jvm.dll+0x254ef6]
V  [jvm.dll+0x3f0e96]
V  [jvm.dll+0x806ed8]
V  [jvm.dll+0x6cef0d]
C  [ucrtbase.dll+0x29333]
C  [KERNEL32.DLL+0x1259d]
C  [ntdll.dll+0x5af78]


---------------  P R O C E S S  ---------------

Threads class SMR info:
_java_thread_list=0x00000170e311fae0, length=52, elements={
0x00000170c154c0c0, 0x00000170df05cae0, 0x00000170df0659a0, 0x00000170df06a180,
0x00000170df06aea0, 0x00000170df06a810, 0x00000170df06b530, 0x00000170df0712c0,
0x00000170df089cd0, 0x00000170df06bbc0, 0x00000170df06c250, 0x00000170df069460,
0x00000170e0d3d020, 0x00000170e0d404a0, 0x00000170e0d40b30, 0x00000170e0d43fb0,
0x00000170e0d3d6b0, 0x00000170e0d41ee0, 0x00000170e0d43290, 0x00000170e0d3dd40,
0x00000170e0d42570, 0x00000170e0d41850, 0x00000170e0d411c0, 0x00000170e0d42c00,
0x00000170e0d43920, 0x00000170e0d44640, 0x00000170e0d3e3d0, 0x00000170e0d3f780,
0x00000170e0d3ea60, 0x00000170e0d3f0f0, 0x00000170e2a88420, 0x00000170e2a8ab80,
0x00000170e2a85cc0, 0x00000170e2a86350, 0x00000170e2a88ab0, 0x00000170e2a89140,
0x00000170e2a869e0, 0x00000170e2a84280, 0x00000170e2a87070, 0x00000170e2a85630,
0x00000170e2a84910, 0x00000170e2a83bf0, 0x00000170e2a87700, 0x00000170e2a8b210,
0x00000170e2a897d0, 0x00000170e2a89e60, 0x00000170e2a84fa0, 0x00000170e2a87d90,
0x00000170e361afc0, 0x00000170e3617b40, 0x00000170e3615a70, 0x00000170e3619c10
}

Java Threads: ( => current thread )
  0x00000170c154c0c0 JavaThread "main"                              [_thread_blocked, id=18200, stack(0x0000000b82300000,0x0000000b82400000) (1024K)]
  0x00000170df05cae0 JavaThread "Reference Handler"          daemon [_thread_blocked, id=16860, stack(0x0000000b82b00000,0x0000000b82c00000) (1024K)]
  0x00000170df0659a0 JavaThread "Finalizer"                  daemon [_thread_blocked, id=16244, stack(0x0000000b82c00000,0x0000000b82d00000) (1024K)]
  0x00000170df06a180 JavaThread "Signal Dispatcher"          daemon [_thread_blocked, id=13968, stack(0x0000000b82d00000,0x0000000b82e00000) (1024K)]
  0x00000170df06aea0 JavaThread "Attach Listener"            daemon [_thread_blocked, id=19088, stack(0x0000000b82e00000,0x0000000b82f00000) (1024K)]
  0x00000170df06a810 JavaThread "Service Thread"             daemon [_thread_blocked, id=17976, stack(0x0000000b82f00000,0x0000000b83000000) (1024K)]
  0x00000170df06b530 JavaThread "Monitor Deflation Thread"   daemon [_thread_blocked, id=24336, stack(0x0000000b83000000,0x0000000b83100000) (1024K)]
=>0x00000170df0712c0 JavaThread "C2 CompilerThread0"         daemon [_thread_in_native, id=22356, stack(0x0000000b83100000,0x0000000b83200000) (1024K)]
  0x00000170df089cd0 JavaThread "C1 CompilerThread0"         daemon [_thread_in_native, id=7320, stack(0x0000000b83200000,0x0000000b83300000) (1024K)]
  0x00000170df06bbc0 JavaThread "Common-Cleaner"             daemon [_thread_blocked, id=24540, stack(0x0000000b83300000,0x0000000b83400000) (1024K)]
  0x00000170df06c250 JavaThread "Notification Thread"        daemon [_thread_blocked, id=5960, stack(0x0000000b83400000,0x0000000b83500000) (1024K)]
  0x00000170df069460 JavaThread "Daemon health stats"               [_thread_blocked, id=1000, stack(0x0000000b83a00000,0x0000000b83b00000) (1024K)]
  0x00000170e0d3d020 JavaThread "Incoming local TCP Connector on port 57296"        [_thread_in_native, id=7712, stack(0x0000000b83b00000,0x0000000b83c00000) (1024K)]
  0x00000170e0d404a0 JavaThread "Daemon periodic checks"            [_thread_blocked, id=23652, stack(0x0000000b83c00000,0x0000000b83d00000) (1024K)]
  0x00000170e0d40b30 JavaThread "Daemon"                            [_thread_blocked, id=24156, stack(0x0000000b83d00000,0x0000000b83e00000) (1024K)]
  0x00000170e0d43fb0 JavaThread "Handler for socket connection from /127.0.0.1:57296 to /127.0.0.1:57297"        [_thread_in_native, id=16684, stack(0x0000000b83e00000,0x0000000b83f00000) (1024K)]
  0x00000170e0d3d6b0 JavaThread "Cancel handler"                    [_thread_blocked, id=19108, stack(0x0000000b83f00000,0x0000000b84000000) (1024K)]
  0x00000170e0d41ee0 JavaThread "Daemon worker"                     [_thread_in_native, id=5532, stack(0x0000000b84000000,0x0000000b84100000) (1024K)]
  0x00000170e0d43290 JavaThread "Asynchronous log dispatcher for DefaultDaemonConnection: socket connection from /127.0.0.1:57296 to /127.0.0.1:57297"        [_thread_blocked, id=12960, stack(0x0000000b84100000,0x0000000b84200000) (1024K)]
  0x00000170e0d3dd40 JavaThread "Stdin handler"                     [_thread_blocked, id=13020, stack(0x0000000b84200000,0x0000000b84300000) (1024K)]
  0x00000170e0d42570 JavaThread "Daemon client event forwarder"        [_thread_blocked, id=22128, stack(0x0000000b84300000,0x0000000b84400000) (1024K)]
  0x00000170e0d41850 JavaThread "Cache worker for journal cache (C:\Users\HP\.gradle\caches\journal-1)"        [_thread_blocked, id=3640, stack(0x0000000b84700000,0x0000000b84800000) (1024K)]
  0x00000170e0d411c0 JavaThread "File lock request listener"        [_thread_in_native, id=19424, stack(0x0000000b84800000,0x0000000b84900000) (1024K)]
  0x00000170e0d42c00 JavaThread "Cache worker for file hash cache (C:\Users\HP\.gradle\caches\8.13\fileHashes)"        [_thread_blocked, id=6916, stack(0x0000000b84900000,0x0000000b84a00000) (1024K)]
  0x00000170e0d43920 JavaThread "Cache worker for file hash cache (C:\Users\HP\Desktop\enseignement\coursandroid\.gradle\8.13\fileHashes)"        [_thread_blocked, id=10100, stack(0x0000000b84a00000,0x0000000b84b00000) (1024K)]
  0x00000170e0d44640 JavaThread "Cache worker for Build Output Cleanup Cache (C:\Users\HP\Desktop\enseignement\coursandroid\.gradle\buildOutputCleanup)"        [_thread_blocked, id=7152, stack(0x0000000b84b00000,0x0000000b84c00000) (1024K)]
  0x00000170e0d3e3d0 JavaThread "File watcher server"        daemon [_thread_in_native, id=20636, stack(0x0000000b84c00000,0x0000000b84d00000) (1024K)]
  0x00000170e0d3f780 JavaThread "File watcher consumer"      daemon [_thread_blocked, id=18252, stack(0x0000000b84d00000,0x0000000b84e00000) (1024K)]
  0x00000170e0d3ea60 JavaThread "jar transforms"                    [_thread_blocked, id=15652, stack(0x0000000b84e00000,0x0000000b84f00000) (1024K)]
  0x00000170e0d3f0f0 JavaThread "jar transforms Thread 2"           [_thread_blocked, id=21464, stack(0x0000000b84f00000,0x0000000b85000000) (1024K)]
  0x00000170e2a88420 JavaThread "Cache worker for checksums cache (C:\Users\HP\Desktop\enseignement\coursandroid\.gradle\8.13\checksums)"        [_thread_blocked, id=20924, stack(0x0000000b85000000,0x0000000b85100000) (1024K)]
  0x00000170e2a8ab80 JavaThread "Cache worker for file content cache (C:\Users\HP\.gradle\caches\8.13\fileContent)"        [_thread_blocked, id=16168, stack(0x0000000b85100000,0x0000000b85200000) (1024K)]
  0x00000170e2a85cc0 JavaThread "jar transforms Thread 3"           [_thread_blocked, id=14428, stack(0x0000000b85200000,0x0000000b85300000) (1024K)]
  0x00000170e2a86350 JavaThread "Cache worker for cache directory md-supplier (C:\Users\HP\.gradle\caches\8.13\md-supplier)"        [_thread_blocked, id=19380, stack(0x0000000b85300000,0x0000000b85400000) (1024K)]
  0x00000170e2a88ab0 JavaThread "Cache worker for cache directory md-rule (C:\Users\HP\.gradle\caches\8.13\md-rule)"        [_thread_blocked, id=11184, stack(0x0000000b85400000,0x0000000b85500000) (1024K)]
  0x00000170e2a89140 JavaThread "Unconstrained build operations"        [_thread_blocked, id=23964, stack(0x0000000b85500000,0x0000000b85600000) (1024K)]
  0x00000170e2a869e0 JavaThread "Unconstrained build operations Thread 2"        [_thread_blocked, id=23532, stack(0x0000000b85600000,0x0000000b85700000) (1024K)]
  0x00000170e2a84280 JavaThread "Unconstrained build operations Thread 3"        [_thread_blocked, id=25448, stack(0x0000000b85700000,0x0000000b85800000) (1024K)]
  0x00000170e2a87070 JavaThread "Unconstrained build operations Thread 4"        [_thread_blocked, id=21768, stack(0x0000000b85800000,0x0000000b85900000) (1024K)]
  0x00000170e2a85630 JavaThread "Unconstrained build operations Thread 5"        [_thread_blocked, id=4668, stack(0x0000000b85900000,0x0000000b85a00000) (1024K)]
  0x00000170e2a84910 JavaThread "Unconstrained build operations Thread 6"        [_thread_blocked, id=23656, stack(0x0000000b85a00000,0x0000000b85b00000) (1024K)]
  0x00000170e2a83bf0 JavaThread "Unconstrained build operations Thread 7"        [_thread_blocked, id=17808, stack(0x0000000b85b00000,0x0000000b85c00000) (1024K)]
  0x00000170e2a87700 JavaThread "Unconstrained build operations Thread 8"        [_thread_blocked, id=23104, stack(0x0000000b85c00000,0x0000000b85d00000) (1024K)]
  0x00000170e2a8b210 JavaThread "jar transforms Thread 4"           [_thread_blocked, id=20040, stack(0x0000000b85d00000,0x0000000b85e00000) (1024K)]
  0x00000170e2a897d0 JavaThread "jar transforms Thread 5"           [_thread_blocked, id=17104, stack(0x0000000b85e00000,0x0000000b85f00000) (1024K)]
  0x00000170e2a89e60 JavaThread "Unconstrained build operations Thread 9"        [_thread_blocked, id=15828, stack(0x0000000b85f00000,0x0000000b86000000) (1024K)]
  0x00000170e2a84fa0 JavaThread "Unconstrained build operations Thread 10"        [_thread_blocked, id=24492, stack(0x0000000b86000000,0x0000000b86100000) (1024K)]
  0x00000170e2a87d90 JavaThread "Unconstrained build operations Thread 11"        [_thread_blocked, id=15344, stack(0x0000000b86100000,0x0000000b86200000) (1024K)]
  0x00000170e361afc0 JavaThread "Unconstrained build operations Thread 12"        [_thread_blocked, id=20168, stack(0x0000000b86200000,0x0000000b86300000) (1024K)]
  0x00000170e3617b40 JavaThread "jar transforms Thread 6"           [_thread_blocked, id=24936, stack(0x0000000b86300000,0x0000000b86400000) (1024K)]
  0x00000170e3615a70 JavaThread "jar transforms Thread 7"           [_thread_blocked, id=13964, stack(0x0000000b86400000,0x0000000b86500000) (1024K)]
  0x00000170e3619c10 JavaThread "jar transforms Thread 8"           [_thread_blocked, id=18788, stack(0x0000000b86500000,0x0000000b86600000) (1024K)]
Total: 52

Other Threads:
  0x00000170dacf65a0 VMThread "VM Thread"                           [id=16888, stack(0x0000000b82a00000,0x0000000b82b00000) (1024K)]
  0x00000170dacb2660 WatcherThread "VM Periodic Task Thread"        [id=15672, stack(0x0000000b82900000,0x0000000b82a00000) (1024K)]
  0x00000170c15a4380 WorkerThread "GC Thread#0"                     [id=24436, stack(0x0000000b82400000,0x0000000b82500000) (1024K)]
  0x00000170df6a0ca0 WorkerThread "GC Thread#1"                     [id=12748, stack(0x0000000b83500000,0x0000000b83600000) (1024K)]
  0x00000170df726ee0 WorkerThread "GC Thread#2"                     [id=25536, stack(0x0000000b83600000,0x0000000b83700000) (1024K)]
  0x00000170e0132660 WorkerThread "GC Thread#3"                     [id=23032, stack(0x0000000b83700000,0x0000000b83800000) (1024K)]
  0x00000170e0132a00 WorkerThread "GC Thread#4"                     [id=21688, stack(0x0000000b83800000,0x0000000b83900000) (1024K)]
  0x00000170e0bce6a0 WorkerThread "GC Thread#5"                     [id=25232, stack(0x0000000b83900000,0x0000000b83a00000) (1024K)]
  0x00000170e0e3c500 WorkerThread "GC Thread#6"                     [id=24588, stack(0x0000000b84400000,0x0000000b84500000) (1024K)]
  0x00000170e0e3c8a0 WorkerThread "GC Thread#7"                     [id=23632, stack(0x0000000b84500000,0x0000000b84600000) (1024K)]
  0x00000170c15b5200 ConcurrentGCThread "G1 Main Marker"            [id=23904, stack(0x0000000b82500000,0x0000000b82600000) (1024K)]
  0x00000170c15b5ba0 WorkerThread "G1 Conc#0"                       [id=20776, stack(0x0000000b82600000,0x0000000b82700000) (1024K)]
  0x00000170e1029930 WorkerThread "G1 Conc#1"                       [id=12120, stack(0x0000000b84600000,0x0000000b84700000) (1024K)]
  0x00000170dab86910 ConcurrentGCThread "G1 Refine#0"               [id=8860, stack(0x0000000b82700000,0x0000000b82800000) (1024K)]
  0x00000170dab87230 ConcurrentGCThread "G1 Service"                [id=20632, stack(0x0000000b82800000,0x0000000b82900000) (1024K)]
Total: 15

Threads with active compile tasks:
C2 CompilerThread0  15447 6134       4       java.net.URLClassLoader$1::run (5 bytes)
Total: 1

VM state: not at safepoint (normal execution)

VM Mutex/Monitor currently owned by a thread: None

Heap address: 0x0000000080000000, size: 2048 MB, Compressed Oops mode: 32-bit

CDS archive(s) not mapped
Compressed class space mapped at: 0x0000000100000000-0x0000000140000000, reserved size: 1073741824
Narrow klass base: 0x0000000000000000, Narrow klass shift: 3, Narrow klass range: 0x140000000

GC Precious Log:
 CardTable entry size: 512
 Card Set container configuration: InlinePtr #cards 5 size 8 Array Of Cards #cards 12 size 40 Howl #buckets 4 coarsen threshold 1843 Howl Bitmap #cards 512 size 80 coarsen threshold 460 Card regions per heap region 1 cards per card region 2048
 CPUs: 8 total, 8 available
 Memory: 7910M
 Large Page Support: Disabled
 NUMA Support: Disabled
 Compressed Oops: Enabled (32-bit)
 Heap Region Size: 1M
 Heap Min Capacity: 8M
 Heap Initial Capacity: 124M
 Heap Max Capacity: 2G
 Pre-touch: Disabled
 Parallel Workers: 8
 Concurrent Workers: 2
 Concurrent Refinement Workers: 8
 Periodic GC: Disabled

Heap:
 garbage-first heap   total 103424K, used 60188K [0x0000000080000000, 0x0000000100000000)
  region size 1024K, 20 young (20480K), 5 survivors (5120K)
 Metaspace       used 74073K, committed 75840K, reserved 1114112K
  class space    used 10049K, committed 10944K, reserved 1048576K

Heap Regions: E=young(eden), S=young(survivor), O=old, HS=humongous(starts), HC=humongous(continues), CS=collection set, F=free, TAMS=top-at-mark-start, PB=parsable bottom
|   0|0x0000000080000000, 0x0000000080100000, 0x0000000080100000|100%|HS|  |TAMS 0x0000000080000000| PB 0x0000000080000000| Complete 
|   1|0x0000000080100000, 0x0000000080200000, 0x0000000080200000|100%|HC|  |TAMS 0x0000000080100000| PB 0x0000000080100000| Complete 
|   2|0x0000000080200000, 0x0000000080300000, 0x0000000080300000|100%|HC|  |TAMS 0x0000000080200000| PB 0x0000000080200000| Complete 
|   3|0x0000000080300000, 0x0000000080400000, 0x0000000080400000|100%| O|  |TAMS 0x0000000080300000| PB 0x0000000080300000| Untracked 
|   4|0x0000000080400000, 0x0000000080500000, 0x0000000080500000|100%| O|  |TAMS 0x0000000080400000| PB 0x0000000080400000| Untracked 
|   5|0x0000000080500000, 0x0000000080600000, 0x0000000080600000|100%| O|  |TAMS 0x0000000080500000| PB 0x0000000080500000| Untracked 
|   6|0x0000000080600000, 0x0000000080700000, 0x0000000080700000|100%|HS|  |TAMS 0x0000000080600000| PB 0x0000000080600000| Complete 
|   7|0x0000000080700000, 0x0000000080800000, 0x0000000080800000|100%| O|  |TAMS 0x0000000080700000| PB 0x0000000080700000| Untracked 
|   8|0x0000000080800000, 0x0000000080900000, 0x0000000080900000|100%| O|  |TAMS 0x0000000080800000| PB 0x0000000080800000| Untracked 
|   9|0x0000000080900000, 0x0000000080a00000, 0x0000000080a00000|100%| O|  |TAMS 0x0000000080900000| PB 0x0000000080900000| Untracked 
|  10|0x0000000080a00000, 0x0000000080b00000, 0x0000000080b00000|100%| O|  |TAMS 0x0000000080a00000| PB 0x0000000080a00000| Untracked 
|  11|0x0000000080b00000, 0x0000000080c00000, 0x0000000080c00000|100%| O|  |TAMS 0x0000000080b00000| PB 0x0000000080b00000| Untracked 
|  12|0x0000000080c00000, 0x0000000080d00000, 0x0000000080d00000|100%| O|  |TAMS 0x0000000080c00000| PB 0x0000000080c00000| Untracked 
|  13|0x0000000080d00000, 0x0000000080e00000, 0x0000000080e00000|100%| O|  |TAMS 0x0000000080d00000| PB 0x0000000080d00000| Untracked 
|  14|0x0000000080e00000, 0x0000000080f00000, 0x0000000080f00000|100%| O|  |TAMS 0x0000000080e00000| PB 0x0000000080e00000| Untracked 
|  15|0x0000000080f00000, 0x0000000081000000, 0x0000000081000000|100%| O|  |TAMS 0x0000000080f00000| PB 0x0000000080f00000| Untracked 
|  16|0x0000000081000000, 0x0000000081100000, 0x0000000081100000|100%| O|  |TAMS 0x0000000081000000| PB 0x0000000081000000| Untracked 
|  17|0x0000000081100000, 0x0000000081200000, 0x0000000081200000|100%| O|  |TAMS 0x0000000081100000| PB 0x0000000081100000| Untracked 
|  18|0x0000000081200000, 0x0000000081300000, 0x0000000081300000|100%| O|  |TAMS 0x0000000081200000| PB 0x0000000081200000| Untracked 
|  19|0x0000000081300000, 0x0000000081400000, 0x0000000081400000|100%| O|  |TAMS 0x0000000081300000| PB 0x0000000081300000| Untracked 
|  20|0x0000000081400000, 0x0000000081500000, 0x0000000081500000|100%| O|  |TAMS 0x0000000081400000| PB 0x0000000081400000| Untracked 
|  21|0x0000000081500000, 0x0000000081600000, 0x0000000081600000|100%| O|  |TAMS 0x0000000081500000| PB 0x0000000081500000| Untracked 
|  22|0x0000000081600000, 0x0000000081700000, 0x0000000081700000|100%| O|  |TAMS 0x0000000081600000| PB 0x0000000081600000| Untracked 
|  23|0x0000000081700000, 0x0000000081700000, 0x0000000081800000|  0%| F|  |TAMS 0x0000000081700000| PB 0x0000000081700000| Untracked 
|  24|0x0000000081800000, 0x0000000081800000, 0x0000000081900000|  0%| F|  |TAMS 0x0000000081800000| PB 0x0000000081800000| Untracked 
|  25|0x0000000081900000, 0x0000000081a00000, 0x0000000081a00000|100%| O|  |TAMS 0x0000000081900000| PB 0x0000000081900000| Untracked 
|  26|0x0000000081a00000, 0x0000000081b00000, 0x0000000081b00000|100%| O|  |TAMS 0x0000000081a00000| PB 0x0000000081a00000| Untracked 
|  27|0x0000000081b00000, 0x0000000081c00000, 0x0000000081c00000|100%| O|  |TAMS 0x0000000081b00000| PB 0x0000000081b00000| Untracked 
|  28|0x0000000081c00000, 0x0000000081d00000, 0x0000000081d00000|100%| O|  |TAMS 0x0000000081c00000| PB 0x0000000081c00000| Untracked 
|  29|0x0000000081d00000, 0x0000000081e00000, 0x0000000081e00000|100%| O|  |TAMS 0x0000000081d00000| PB 0x0000000081d00000| Untracked 
|  30|0x0000000081e00000, 0x0000000081f00000, 0x0000000081f00000|100%| O|  |TAMS 0x0000000081e00000| PB 0x0000000081e00000| Untracked 
|  31|0x0000000081f00000, 0x0000000081fd1698, 0x0000000082000000| 81%| O|  |TAMS 0x0000000081f00000| PB 0x0000000081f00000| Untracked 
|  32|0x0000000082000000, 0x0000000082000000, 0x0000000082100000|  0%| F|  |TAMS 0x0000000082000000| PB 0x0000000082000000| Untracked 
|  33|0x0000000082100000, 0x0000000082200000, 0x0000000082200000|100%| O|  |TAMS 0x0000000082100000| PB 0x0000000082100000| Untracked 
|  34|0x0000000082200000, 0x0000000082300000, 0x0000000082300000|100%| O|  |TAMS 0x0000000082200000| PB 0x0000000082200000| Untracked 
|  35|0x0000000082300000, 0x0000000082400000, 0x0000000082400000|100%| O|  |TAMS 0x0000000082300000| PB 0x0000000082300000| Untracked 
|  36|0x0000000082400000, 0x0000000082500000, 0x0000000082500000|100%| O|  |TAMS 0x0000000082400000| PB 0x0000000082400000| Untracked 
|  37|0x0000000082500000, 0x0000000082600000, 0x0000000082600000|100%| O|  |TAMS 0x0000000082500000| PB 0x0000000082500000| Untracked 
|  38|0x0000000082600000, 0x0000000082700000, 0x0000000082700000|100%| O|  |TAMS 0x0000000082600000| PB 0x0000000082600000| Untracked 
|  39|0x0000000082700000, 0x0000000082800000, 0x0000000082800000|100%| O|  |TAMS 0x0000000082700000| PB 0x0000000082700000| Untracked 
|  40|0x0000000082800000, 0x0000000082800000, 0x0000000082900000|  0%| F|  |TAMS 0x0000000082800000| PB 0x0000000082800000| Untracked 
|  41|0x0000000082900000, 0x0000000082900000, 0x0000000082a00000|  0%| F|  |TAMS 0x0000000082900000| PB 0x0000000082900000| Untracked 
|  42|0x0000000082a00000, 0x0000000082a00000, 0x0000000082b00000|  0%| F|  |TAMS 0x0000000082a00000| PB 0x0000000082a00000| Untracked 
|  43|0x0000000082b00000, 0x0000000082bf5cb8, 0x0000000082c00000| 96%| S|CS|TAMS 0x0000000082b00000| PB 0x0000000082b00000| Complete 
|  44|0x0000000082c00000, 0x0000000082d00000, 0x0000000082d00000|100%| O|  |TAMS 0x0000000082c00000| PB 0x0000000082c00000| Untracked 
|  45|0x0000000082d00000, 0x0000000082e00000, 0x0000000082e00000|100%| O|  |TAMS 0x0000000082d00000| PB 0x0000000082d00000| Untracked 
|  46|0x0000000082e00000, 0x0000000082f00000, 0x0000000082f00000|100%| S|CS|TAMS 0x0000000082e00000| PB 0x0000000082e00000| Complete 
|  47|0x0000000082f00000, 0x0000000082f00000, 0x0000000083000000|  0%| F|  |TAMS 0x0000000082f00000| PB 0x0000000082f00000| Untracked 
|  48|0x0000000083000000, 0x0000000083000000, 0x0000000083100000|  0%| F|  |TAMS 0x0000000083000000| PB 0x0000000083000000| Untracked 
|  49|0x0000000083100000, 0x0000000083100000, 0x0000000083200000|  0%| F|  |TAMS 0x0000000083100000| PB 0x0000000083100000| Untracked 
|  50|0x0000000083200000, 0x0000000083200000, 0x0000000083300000|  0%| F|  |TAMS 0x0000000083200000| PB 0x0000000083200000| Untracked 
|  51|0x0000000083300000, 0x0000000083300000, 0x0000000083400000|  0%| F|  |TAMS 0x0000000083300000| PB 0x0000000083300000| Untracked 
|  52|0x0000000083400000, 0x0000000083500000, 0x0000000083500000|100%| S|CS|TAMS 0x0000000083400000| PB 0x0000000083400000| Complete 
|  53|0x0000000083500000, 0x0000000083600000, 0x0000000083600000|100%| S|CS|TAMS 0x0000000083500000| PB 0x0000000083500000| Complete 
|  54|0x0000000083600000, 0x0000000083700000, 0x0000000083700000|100%| S|CS|TAMS 0x0000000083600000| PB 0x0000000083600000| Complete 
|  55|0x0000000083700000, 0x0000000083700000, 0x0000000083800000|  0%| F|  |TAMS 0x0000000083700000| PB 0x0000000083700000| Untracked 
|  56|0x0000000083800000, 0x0000000083800000, 0x0000000083900000|  0%| F|  |TAMS 0x0000000083800000| PB 0x0000000083800000| Untracked 
|  57|0x0000000083900000, 0x0000000083900000, 0x0000000083a00000|  0%| F|  |TAMS 0x0000000083900000| PB 0x0000000083900000| Untracked 
|  58|0x0000000083a00000, 0x0000000083a00000, 0x0000000083b00000|  0%| F|  |TAMS 0x0000000083a00000| PB 0x0000000083a00000| Untracked 
|  59|0x0000000083b00000, 0x0000000083b00000, 0x0000000083c00000|  0%| F|  |TAMS 0x0000000083b00000| PB 0x0000000083b00000| Untracked 
|  60|0x0000000083c00000, 0x0000000083c00000, 0x0000000083d00000|  0%| F|  |TAMS 0x0000000083c00000| PB 0x0000000083c00000| Untracked 
|  61|0x0000000083d00000, 0x0000000083d00000, 0x0000000083e00000|  0%| F|  |TAMS 0x0000000083d00000| PB 0x0000000083d00000| Untracked 
|  62|0x0000000083e00000, 0x0000000083e00000, 0x0000000083f00000|  0%| F|  |TAMS 0x0000000083e00000| PB 0x0000000083e00000| Untracked 
|  63|0x0000000083f00000, 0x0000000083f00000, 0x0000000084000000|  0%| F|  |TAMS 0x0000000083f00000| PB 0x0000000083f00000| Untracked 
|  64|0x0000000084000000, 0x0000000084000000, 0x0000000084100000|  0%| F|  |TAMS 0x0000000084000000| PB 0x0000000084000000| Untracked 
|  65|0x0000000084100000, 0x0000000084100000, 0x0000000084200000|  0%| F|  |TAMS 0x0000000084100000| PB 0x0000000084100000| Untracked 
|  66|0x0000000084200000, 0x0000000084200000, 0x0000000084300000|  0%| F|  |TAMS 0x0000000084200000| PB 0x0000000084200000| Untracked 
|  67|0x0000000084300000, 0x0000000084300000, 0x0000000084400000|  0%| F|  |TAMS 0x0000000084300000| PB 0x0000000084300000| Untracked 
|  68|0x0000000084400000, 0x0000000084400000, 0x0000000084500000|  0%| F|  |TAMS 0x0000000084400000| PB 0x0000000084400000| Untracked 
|  69|0x0000000084500000, 0x0000000084500000, 0x0000000084600000|  0%| F|  |TAMS 0x0000000084500000| PB 0x0000000084500000| Untracked 
|  70|0x0000000084600000, 0x0000000084600000, 0x0000000084700000|  0%| F|  |TAMS 0x0000000084600000| PB 0x0000000084600000| Untracked 
|  71|0x0000000084700000, 0x0000000084700000, 0x0000000084800000|  0%| F|  |TAMS 0x0000000084700000| PB 0x0000000084700000| Untracked 
|  72|0x0000000084800000, 0x0000000084800000, 0x0000000084900000|  0%| F|  |TAMS 0x0000000084800000| PB 0x0000000084800000| Untracked 
|  73|0x0000000084900000, 0x0000000084900000, 0x0000000084a00000|  0%| F|  |TAMS 0x0000000084900000| PB 0x0000000084900000| Untracked 
|  74|0x0000000084a00000, 0x0000000084a00000, 0x0000000084b00000|  0%| F|  |TAMS 0x0000000084a00000| PB 0x0000000084a00000| Untracked 
|  75|0x0000000084b00000, 0x0000000084b00000, 0x0000000084c00000|  0%| F|  |TAMS 0x0000000084b00000| PB 0x0000000084b00000| Untracked 
|  76|0x0000000084c00000, 0x0000000084c00000, 0x0000000084d00000|  0%| F|  |TAMS 0x0000000084c00000| PB 0x0000000084c00000| Untracked 
|  77|0x0000000084d00000, 0x0000000084d00000, 0x0000000084e00000|  0%| F|  |TAMS 0x0000000084d00000| PB 0x0000000084d00000| Untracked 
|  78|0x0000000084e00000, 0x0000000084e00000, 0x0000000084f00000|  0%| F|  |TAMS 0x0000000084e00000| PB 0x0000000084e00000| Untracked 
|  79|0x0000000084f00000, 0x0000000084f00000, 0x0000000085000000|  0%| F|  |TAMS 0x0000000084f00000| PB 0x0000000084f00000| Untracked 
|  80|0x0000000085000000, 0x0000000085000000, 0x0000000085100000|  0%| F|  |TAMS 0x0000000085000000| PB 0x0000000085000000| Untracked 
|  81|0x0000000085100000, 0x0000000085100000, 0x0000000085200000|  0%| F|  |TAMS 0x0000000085100000| PB 0x0000000085100000| Untracked 
|  82|0x0000000085200000, 0x0000000085200000, 0x0000000085300000|  0%| F|  |TAMS 0x0000000085200000| PB 0x0000000085200000| Untracked 
|  83|0x0000000085300000, 0x0000000085300000, 0x0000000085400000|  0%| F|  |TAMS 0x0000000085300000| PB 0x0000000085300000| Untracked 
|  84|0x0000000085400000, 0x0000000085500000, 0x0000000085500000|100%| E|  |TAMS 0x0000000085400000| PB 0x0000000085400000| Complete 
|  85|0x0000000085500000, 0x0000000085600000, 0x0000000085600000|100%| E|CS|TAMS 0x0000000085500000| PB 0x0000000085500000| Complete 
|  86|0x0000000085600000, 0x0000000085700000, 0x0000000085700000|100%| E|CS|TAMS 0x0000000085600000| PB 0x0000000085600000| Complete 
|  87|0x0000000085700000, 0x0000000085800000, 0x0000000085800000|100%| E|CS|TAMS 0x0000000085700000| PB 0x0000000085700000| Complete 
|  88|0x0000000085800000, 0x0000000085900000, 0x0000000085900000|100%| E|CS|TAMS 0x0000000085800000| PB 0x0000000085800000| Complete 
|  89|0x0000000085900000, 0x0000000085a00000, 0x0000000085a00000|100%| E|CS|TAMS 0x0000000085900000| PB 0x0000000085900000| Complete 
|  90|0x0000000085a00000, 0x0000000085b00000, 0x0000000085b00000|100%| E|CS|TAMS 0x0000000085a00000| PB 0x0000000085a00000| Complete 
|  91|0x0000000085b00000, 0x0000000085c00000, 0x0000000085c00000|100%| E|CS|TAMS 0x0000000085b00000| PB 0x0000000085b00000| Complete 
|  92|0x0000000085c00000, 0x0000000085d00000, 0x0000000085d00000|100%| E|  |TAMS 0x0000000085c00000| PB 0x0000000085c00000| Complete 
|  93|0x0000000085d00000, 0x0000000085e00000, 0x0000000085e00000|100%| E|CS|TAMS 0x0000000085d00000| PB 0x0000000085d00000| Complete 
|  94|0x0000000085e00000, 0x0000000085f00000, 0x0000000085f00000|100%| E|CS|TAMS 0x0000000085e00000| PB 0x0000000085e00000| Complete 
|  95|0x0000000085f00000, 0x0000000086000000, 0x0000000086000000|100%| E|CS|TAMS 0x0000000085f00000| PB 0x0000000085f00000| Complete 
|  96|0x0000000086000000, 0x0000000086100000, 0x0000000086100000|100%| E|CS|TAMS 0x0000000086000000| PB 0x0000000086000000| Complete 
| 122|0x0000000087a00000, 0x0000000087b00000, 0x0000000087b00000|100%| E|CS|TAMS 0x0000000087a00000| PB 0x0000000087a00000| Complete 
| 123|0x0000000087b00000, 0x0000000087c00000, 0x0000000087c00000|100%| E|CS|TAMS 0x0000000087b00000| PB 0x0000000087b00000| Complete 
|2046|0x00000000ffe00000, 0x00000000fff00000, 0x00000000fff00000|100%| O|  |TAMS 0x00000000ffe00000| PB 0x00000000ffe00000| Untracked 
|2047|0x00000000fff00000, 0x0000000100000000, 0x0000000100000000|100%| O|  |TAMS 0x00000000fff00000| PB 0x00000000fff00000| Untracked 

Card table byte_map: [0x00000170d5e20000,0x00000170d6220000] _byte_map_base: 0x00000170d5a20000

Marking Bits: (CMBitMap*) 0x00000170c15a4920
 Bits: [0x00000170d6220000, 0x00000170d8220000)

Polling page: 0x00000170c1610000

Metaspace:

Usage:
  Non-class:     62.52 MB used.
      Class:      9.81 MB used.
       Both:     72.34 MB used.

Virtual space:
  Non-class space:       64.00 MB reserved,      63.38 MB (>99%) committed,  1 nodes.
      Class space:        1.00 GB reserved,      10.69 MB (  1%) committed,  1 nodes.
             Both:        1.06 GB reserved,      74.06 MB (  7%) committed. 

Chunk freelists:
   Non-Class:  336.00 KB
       Class:  5.17 MB
        Both:  5.50 MB

MaxMetaspaceSize: unlimited
CompressedClassSpaceSize: 1.00 GB
Initial GC threshold: 21.00 MB
Current GC threshold: 98.56 MB
CDS: off
 - commit_granule_bytes: 65536.
 - commit_granule_words: 8192.
 - virtual_space_node_default_size: 8388608.
 - enlarge_chunks_in_place: 1.
 - use_allocation_guard: 0.


Internal statistics:

num_allocs_failed_limit: 9.
num_arena_births: 3330.
num_arena_deaths: 0.
num_vsnodes_births: 2.
num_vsnodes_deaths: 0.
num_space_committed: 1185.
num_space_uncommitted: 0.
num_chunks_returned_to_freelist: 9.
num_chunks_taken_from_freelist: 6288.
num_chunk_merges: 9.
num_chunk_splits: 4119.
num_chunks_enlarged: 2549.
num_inconsistent_stats: 0.

CodeHeap 'non-profiled nmethods': size=120000Kb used=3023Kb max_used=3023Kb free=116976Kb
 bounds [0x00000170cda80000, 0x00000170cdd80000, 0x00000170d4fb0000]
CodeHeap 'profiled nmethods': size=120000Kb used=11031Kb max_used=11031Kb free=108968Kb
 bounds [0x00000170c5fb0000, 0x00000170c6a80000, 0x00000170cd4e0000]
CodeHeap 'non-nmethods': size=5760Kb used=2794Kb max_used=2814Kb free=2965Kb
 bounds [0x00000170cd4e0000, 0x00000170cd7c0000, 0x00000170cda80000]
 total_blobs=6969 nmethods=6043 adapters=830
 compilation: enabled
              stopped_count=0, restarted_count=0
 full_count=0

Compilation events (20 events):
Event: 15.312 Thread 0x00000170df089cd0 6540       2       sun.security.x509.Extension::<init> (75 bytes)
Event: 15.312 Thread 0x00000170df089cd0 nmethod 6540 0x00000170c6a66090 code [0x00000170c6a662a0, 0x00000170c6a66618]
Event: 15.312 Thread 0x00000170df089cd0 6541   !   2       sun.security.x509.CertificateExtensions::parseExtension (281 bytes)
Event: 15.314 Thread 0x00000170df089cd0 nmethod 6541 0x00000170c6a66890 code [0x00000170c6a66bc0, 0x00000170c6a67848]
Event: 15.314 Thread 0x00000170df089cd0 6543       1       sun.security.x509.X509CertImpl::getEncodedInternal (5 bytes)
Event: 15.314 Thread 0x00000170df089cd0 nmethod 6543 0x00000170cdd73310 code [0x00000170cdd734a0, 0x00000170cdd73568]
Event: 15.314 Thread 0x00000170df089cd0 6542       2       sun.security.x509.OIDMap::getClass (26 bytes)
Event: 15.315 Thread 0x00000170df089cd0 nmethod 6542 0x00000170c6a68490 code [0x00000170c6a68660, 0x00000170c6a68810]
Event: 15.315 Thread 0x00000170df089cd0 6544       2       sun.security.provider.SHA2::implCompress0 (448 bytes)
Event: 15.317 Thread 0x00000170df089cd0 nmethod 6544 0x00000170c6a68910 code [0x00000170c6a68b00, 0x00000170c6a69288]
Event: 15.361 Thread 0x00000170df089cd0 6545       2       java.math.BigInteger::trustedStripLeadingZeroInts (37 bytes)
Event: 15.361 Thread 0x00000170df089cd0 nmethod 6545 0x00000170c6a69710 code [0x00000170c6a69960, 0x00000170c6a69f80]
Event: 15.363 Thread 0x00000170df089cd0 6546   !   2       java.security.Provider$Service::newInstance (354 bytes)
Event: 15.366 Thread 0x00000170df089cd0 nmethod 6546 0x00000170c6a6a290 code [0x00000170c6a6a740, 0x00000170c6a6b950]
Event: 15.366 Thread 0x00000170df089cd0 6547   !   2       java.security.Provider$Service::newInstanceUtil (60 bytes)
Event: 15.367 Thread 0x00000170df089cd0 nmethod 6547 0x00000170c6a6cc10 code [0x00000170c6a6ce60, 0x00000170c6a6d558]
Event: 15.370 Thread 0x00000170df089cd0 6548       1       java.util.AbstractMap$SimpleEntry::getValue (5 bytes)
Event: 15.370 Thread 0x00000170df089cd0 nmethod 6548 0x00000170cdd73610 code [0x00000170cdd737a0, 0x00000170cdd73868]
Event: 15.372 Thread 0x00000170df089cd0 6549       1       java.nio.DirectByteBufferR::base (2 bytes)
Event: 15.373 Thread 0x00000170df089cd0 nmethod 6549 0x00000170cdd73910 code [0x00000170cdd73aa0, 0x00000170cdd73b70]

GC Heap History (20 events):
Event: 6.109 GC heap before
{Heap before GC invocations=6 (full 0):
 garbage-first heap   total 68608K, used 54183K [0x0000000080000000, 0x0000000100000000)
  region size 1024K, 34 young (34816K), 2 survivors (2048K)
 Metaspace       used 31183K, committed 31808K, reserved 1114112K
  class space    used 4047K, committed 4352K, reserved 1048576K
}
Event: 6.115 GC heap after
{Heap after GC invocations=7 (full 0):
 garbage-first heap   total 82944K, used 24352K [0x0000000080000000, 0x0000000100000000)
  region size 1024K, 4 young (4096K), 4 survivors (4096K)
 Metaspace       used 31183K, committed 31808K, reserved 1114112K
  class space    used 4047K, committed 4352K, reserved 1048576K
}
Event: 6.774 GC heap before
{Heap before GC invocations=7 (full 0):
 garbage-first heap   total 82944K, used 53024K [0x0000000080000000, 0x0000000100000000)
  region size 1024K, 34 young (34816K), 4 survivors (4096K)
 Metaspace       used 35329K, committed 36160K, reserved 1114112K
  class space    used 4715K, committed 5120K, reserved 1048576K
}
Event: 6.781 GC heap after
{Heap after GC invocations=8 (full 0):
 garbage-first heap   total 82944K, used 26271K [0x0000000080000000, 0x0000000100000000)
  region size 1024K, 5 young (5120K), 5 survivors (5120K)
 Metaspace       used 35329K, committed 36160K, reserved 1114112K
  class space    used 4715K, committed 5120K, reserved 1048576K
}
Event: 7.780 GC heap before
{Heap before GC invocations=9 (full 0):
 garbage-first heap   total 82944K, used 68255K [0x0000000080000000, 0x0000000100000000)
  region size 1024K, 47 young (48128K), 5 survivors (5120K)
 Metaspace       used 43551K, committed 44480K, reserved 1114112K
  class space    used 5733K, committed 6208K, reserved 1048576K
}
Event: 7.792 GC heap after
{Heap after GC invocations=10 (full 0):
 garbage-first heap   total 82944K, used 31192K [0x0000000080000000, 0x0000000100000000)
  region size 1024K, 6 young (6144K), 6 survivors (6144K)
 Metaspace       used 43551K, committed 44480K, reserved 1114112K
  class space    used 5733K, committed 6208K, reserved 1048576K
}
Event: 8.359 GC heap before
{Heap before GC invocations=10 (full 0):
 garbage-first heap   total 82944K, used 75224K [0x0000000080000000, 0x0000000100000000)
  region size 1024K, 44 young (45056K), 6 survivors (6144K)
 Metaspace       used 46791K, committed 47872K, reserved 1114112K
  class space    used 6093K, committed 6592K, reserved 1048576K
}
Event: 8.368 GC heap after
{Heap after GC invocations=11 (full 0):
 garbage-first heap   total 86016K, used 33858K [0x0000000080000000, 0x0000000100000000)
  region size 1024K, 4 young (4096K), 4 survivors (4096K)
 Metaspace       used 46791K, committed 47872K, reserved 1114112K
  class space    used 6093K, committed 6592K, reserved 1048576K
}
Event: 9.404 GC heap before
{Heap before GC invocations=11 (full 0):
 garbage-first heap   total 86016K, used 72770K [0x0000000080000000, 0x0000000100000000)
  region size 1024K, 42 young (43008K), 4 survivors (4096K)
 Metaspace       used 51519K, committed 52928K, reserved 1114112K
  class space    used 6860K, committed 7552K, reserved 1048576K
}
Event: 9.411 GC heap after
{Heap after GC invocations=12 (full 0):
 garbage-first heap   total 86016K, used 35920K [0x0000000080000000, 0x0000000100000000)
  region size 1024K, 3 young (3072K), 3 survivors (3072K)
 Metaspace       used 51519K, committed 52928K, reserved 1114112K
  class space    used 6860K, committed 7552K, reserved 1048576K
}
Event: 10.630 GC heap before
{Heap before GC invocations=12 (full 0):
 garbage-first heap   total 86016K, used 73808K [0x0000000080000000, 0x0000000100000000)
  region size 1024K, 41 young (41984K), 3 survivors (3072K)
 Metaspace       used 55450K, committed 57024K, reserved 1114112K
  class space    used 7496K, committed 8256K, reserved 1048576K
}
Event: 10.639 GC heap after
{Heap after GC invocations=13 (full 0):
 garbage-first heap   total 86016K, used 40483K [0x0000000080000000, 0x0000000100000000)
  region size 1024K, 6 young (6144K), 6 survivors (6144K)
 Metaspace       used 55450K, committed 57024K, reserved 1114112K
  class space    used 7496K, committed 8256K, reserved 1048576K
}
Event: 11.238 GC heap before
{Heap before GC invocations=13 (full 0):
 garbage-first heap   total 86016K, used 75299K [0x0000000080000000, 0x0000000100000000)
  region size 1024K, 39 young (39936K), 6 survivors (6144K)
 Metaspace       used 57389K, committed 58944K, reserved 1114112K
  class space    used 7669K, committed 8448K, reserved 1048576K
}
Event: 11.246 GC heap after
{Heap after GC invocations=14 (full 0):
 garbage-first heap   total 86016K, used 42099K [0x0000000080000000, 0x0000000100000000)
  region size 1024K, 2 young (2048K), 2 survivors (2048K)
 Metaspace       used 57389K, committed 58944K, reserved 1114112K
  class space    used 7669K, committed 8448K, reserved 1048576K
}
Event: 11.664 GC heap before
{Heap before GC invocations=14 (full 0):
 garbage-first heap   total 86016K, used 54387K [0x0000000080000000, 0x0000000100000000)
  region size 1024K, 15 young (15360K), 2 survivors (2048K)
 Metaspace       used 58791K, committed 60416K, reserved 1114112K
  class space    used 7881K, committed 8704K, reserved 1048576K
}
Event: 11.670 GC heap after
{Heap after GC invocations=15 (full 0):
 garbage-first heap   total 103424K, used 42745K [0x0000000080000000, 0x0000000100000000)
  region size 1024K, 2 young (2048K), 2 survivors (2048K)
 Metaspace       used 58791K, committed 60416K, reserved 1114112K
  class space    used 7881K, committed 8704K, reserved 1048576K
}
Event: 13.393 GC heap before
{Heap before GC invocations=16 (full 0):
 garbage-first heap   total 103424K, used 88825K [0x0000000080000000, 0x0000000100000000)
  region size 1024K, 47 young (48128K), 2 survivors (2048K)
 Metaspace       used 64960K, committed 66624K, reserved 1114112K
  class space    used 8761K, committed 9600K, reserved 1048576K
}
Event: 13.401 GC heap after
{Heap after GC invocations=17 (full 0):
 garbage-first heap   total 103424K, used 45360K [0x0000000080000000, 0x0000000100000000)
  region size 1024K, 5 young (5120K), 5 survivors (5120K)
 Metaspace       used 64960K, committed 66624K, reserved 1114112K
  class space    used 8761K, committed 9600K, reserved 1048576K
}
Event: 14.862 GC heap before
{Heap before GC invocations=17 (full 0):
 garbage-first heap   total 103424K, used 90416K [0x0000000080000000, 0x0000000100000000)
  region size 1024K, 49 young (50176K), 5 survivors (5120K)
 Metaspace       used 70441K, committed 72320K, reserved 1114112K
  class space    used 9618K, committed 10560K, reserved 1048576K
}
Event: 14.876 GC heap after
{Heap after GC invocations=18 (full 0):
 garbage-first heap   total 103424K, used 46876K [0x0000000080000000, 0x0000000100000000)
  region size 1024K, 5 young (5120K), 5 survivors (5120K)
 Metaspace       used 70441K, committed 72320K, reserved 1114112K
  class space    used 9618K, committed 10560K, reserved 1048576K
}

Dll operation events (3 events):
Event: 0.019 Loaded shared library C:\Program Files\Android\Android Studio\jbr\bin\java.dll
Event: 0.029 Loaded shared library C:\Program Files\Android\Android Studio\jbr\bin\zip.dll
Event: 1.533 Loaded shared library C:\Program Files\Android\Android Studio\jbr\bin\verify.dll

Deoptimization events (20 events):
Event: 15.114 Thread 0x00000170e0d41ee0 DEOPT PACKING pc=0x00000170c60d54dc sp=0x0000000b840f3080
Event: 15.114 Thread 0x00000170e0d41ee0 DEOPT UNPACKING pc=0x00000170cd534e42 sp=0x0000000b840f2548 mode 0
Event: 15.160 Thread 0x00000170e0d41ee0 Uncommon trap: trap_request=0xffffff45 fr.pc=0x00000170cdae7374 relative=0x0000000000000394
Event: 15.160 Thread 0x00000170e0d41ee0 Uncommon trap: reason=unstable_if action=reinterpret pc=0x00000170cdae7374 method=java.lang.StringLatin1.compareToCI([B[B)I @ 68 c2
Event: 15.160 Thread 0x00000170e0d41ee0 DEOPT PACKING pc=0x00000170cdae7374 sp=0x0000000b840f56d0
Event: 15.160 Thread 0x00000170e0d41ee0 DEOPT UNPACKING pc=0x00000170cd5346a2 sp=0x0000000b840f5568 mode 2
Event: 15.160 Thread 0x00000170e0d41ee0 Uncommon trap: trap_request=0xffffff45 fr.pc=0x00000170cdbfa840 relative=0x0000000000000300
Event: 15.160 Thread 0x00000170e0d41ee0 Uncommon trap: reason=unstable_if action=reinterpret pc=0x00000170cdbfa840 method=java.lang.StringLatin1.compareToCI([B[B)I @ 68 c2
Event: 15.160 Thread 0x00000170e0d41ee0 DEOPT PACKING pc=0x00000170cdbfa840 sp=0x0000000b840f5610
Event: 15.161 Thread 0x00000170e0d41ee0 DEOPT UNPACKING pc=0x00000170cd5346a2 sp=0x0000000b840f5588 mode 2
Event: 15.204 Thread 0x00000170e0d41ee0 Uncommon trap: trap_request=0xffffff45 fr.pc=0x00000170cdd202f8 relative=0x0000000000000798
Event: 15.204 Thread 0x00000170e0d41ee0 Uncommon trap: reason=unstable_if action=reinterpret pc=0x00000170cdd202f8 method=java.io.BufferedInputStream.implRead([BII)I @ 30 c2
Event: 15.204 Thread 0x00000170e0d41ee0 DEOPT PACKING pc=0x00000170cdd202f8 sp=0x0000000b840f67b0
Event: 15.204 Thread 0x00000170e0d41ee0 DEOPT UNPACKING pc=0x00000170cd5346a2 sp=0x0000000b840f6778 mode 2
Event: 15.242 Thread 0x00000170e0d41ee0 Uncommon trap: trap_request=0xffffff45 fr.pc=0x00000170cdb19bc4 relative=0x0000000000001044
Event: 15.242 Thread 0x00000170e0d41ee0 Uncommon trap: reason=unstable_if action=reinterpret pc=0x00000170cdb19bc4 method=java.lang.String.<init>(Ljava/nio/charset/Charset;[BII)V @ 415 c2
Event: 15.242 Thread 0x00000170e0d41ee0 DEOPT PACKING pc=0x00000170cdb19bc4 sp=0x0000000b840f6740
Event: 15.242 Thread 0x00000170e0d41ee0 DEOPT UNPACKING pc=0x00000170cd5346a2 sp=0x0000000b840f6720 mode 2
Event: 15.278 Thread 0x00000170e0d41ee0 DEOPT PACKING pc=0x00000170c69980f8 sp=0x0000000b840f5a00
Event: 15.278 Thread 0x00000170e0d41ee0 DEOPT UNPACKING pc=0x00000170cd534e42 sp=0x0000000b840f4ee8 mode 0

Classes loaded (20 events):
Event: 15.361 Loading class sun/security/ssl/PredefinedDHParameterSpecs$1
Event: 15.361 Loading class sun/security/ssl/PredefinedDHParameterSpecs$1 done
Event: 15.362 Loading class sun/security/util/SafeDHParameterSpec
Event: 15.362 Loading class javax/crypto/spec/DHParameterSpec
Event: 15.362 Loading class javax/crypto/spec/DHParameterSpec done
Event: 15.362 Loading class sun/security/util/SafeDHParameterSpec done
Event: 15.362 Loading class com/sun/crypto/provider/DHParameters
Event: 15.363 Loading class com/sun/crypto/provider/DHParameters done
Event: 15.364 Loading class sun/security/ssl/SSLSessionImpl
Event: 15.365 Loading class javax/net/ssl/ExtendedSSLSession
Event: 15.365 Loading class javax/net/ssl/SSLSession
Event: 15.365 Loading class javax/net/ssl/SSLSession done
Event: 15.365 Loading class javax/net/ssl/ExtendedSSLSession done
Event: 15.365 Loading class sun/security/ssl/SSLSessionImpl done
Event: 15.366 Loading class sun/security/ssl/SignatureScheme
Event: 15.367 Loading class sun/security/ssl/SignatureScheme done
Event: 15.369 Loading class sun/security/provider/SHA5$SHA384
Event: 15.369 Loading class sun/security/provider/SHA5$SHA384 done
Event: 15.372 Loading class java/security/spec/EdDSAParameterSpec
Event: 15.372 Loading class java/security/spec/EdDSAParameterSpec done

Classes unloaded (0 events):
No events

Classes redefined (0 events):
No events

Internal exceptions (20 events):
Event: 13.969 Thread 0x00000170e0d41ee0 Exception <a 'java/lang/ClassNotFoundException'{0x00000000851e8038}: org/gradle/api/invocation/GradleBeanInfo> (0x00000000851e8038) 
thrown [s\src\hotspot\share\classfile\systemDictionary.cpp, line 312]
Event: 13.970 Thread 0x00000170e0d41ee0 Exception <a 'java/lang/ClassNotFoundException'{0x00000000851f4048}: org/gradle/api/invocation/GradleCustomizer> (0x00000000851f4048) 
thrown [s\src\hotspot\share\classfile\systemDictionary.cpp, line 312]
Event: 13.974 Thread 0x00000170e0d41ee0 Exception <a 'java/lang/NoSuchMethodError'{0x00000000850169a8}: 'void java.lang.invoke.Invokers$Holder.invokeExact_MT(java.lang.Object, java.lang.Object, int, java.lang.Object)'> (0x00000000850169a8) 
thrown [s\src\hotspot\share\interpreter\linkResolver.cpp, line 784]
Event: 13.983 Thread 0x00000170e0d41ee0 Exception <a 'java/lang/NoSuchMethodError'{0x0000000085048228}: 'void java.lang.invoke.Invokers$Holder.invokeExact_MT(java.lang.Object, java.lang.Object, long, java.lang.Object)'> (0x0000000085048228) 
thrown [s\src\hotspot\share\interpreter\linkResolver.cpp, line 784]
Event: 14.228 Thread 0x00000170e0d41ee0 Exception <a 'java/lang/NoSuchMethodError'{0x00000000849eda48}: 'long java.lang.invoke.DirectMethodHandle$Holder.invokeStatic(java.lang.Object, long)'> (0x00000000849eda48) 
thrown [s\src\hotspot\share\interpreter\linkResolver.cpp, line 784]
Event: 14.305 Thread 0x00000170e0d41ee0 Implicit null exception at 0x00000170cdb95fcc to 0x00000170cdb96318
Event: 14.354 Thread 0x00000170e0d41ee0 Exception <a 'java/lang/NoSuchMethodError'{0x000000008448aa20}: 'java.lang.Object java.lang.invoke.DirectMethodHandle$Holder.invokeVirtual(java.lang.Object, java.lang.Object, java.lang.Object, java.lang.Object, java.lang.Object, java.lang.Object, java.lang.Object, java.lang.Object, java.lang.Object, java.lang.Object, java.lang.Object, java.lang.Object, java.lang.Object, java.lang.Object, java.lang.Object, java.lang.Object, java.lang.Object)'> (0x000000008448aa20) 
thrown [s\src\hotspot\share\interpreter\li
Event: 14.354 Thread 0x00000170e0d41ee0 Exception <a 'java/lang/NoSuchMethodError'{0x0000000084490950}: 'java.lang.Object java.lang.invoke.DirectMethodHandle$Holder.invokeSpecial(java.lang.Object, java.lang.Object, java.lang.Object, java.lang.Object, java.lang.Object, java.lang.Object, java.lang.Object, java.lang.Object, java.lang.Object, java.lang.Object, java.lang.Object, java.lang.Object, java.lang.Object, java.lang.Object, java.lang.Object, java.lang.Object, java.lang.Object, java.lang.Object)'> (0x0000000084490950) 
thrown [s\src\hotspot\sh
Event: 14.355 Thread 0x00000170e0d41ee0 Exception <a 'java/lang/NoSuchMethodError'{0x0000000084495f18}: 'java.lang.Object java.lang.invoke.DelegatingMethodHandle$Holder.reinvoke_L(java.lang.Object, java.lang.Object, java.lang.Object, java.lang.Object, java.lang.Object, java.lang.Object, java.lang.Object, java.lang.Object, java.lang.Object, java.lang.Object, java.lang.Object, java.lang.Object, java.lang.Object, java.lang.Object, java.lang.Object, java.lang.Object, java.lang.Object)'> (0x0000000084495f18) 
thrown [s\src\hotspot\share\interpreter\l
Event: 14.652 Thread 0x00000170e0d41ee0 Exception <a 'java/lang/NoSuchMethodError'{0x0000000083de23f8}: static Lorg/gradle/api/internal/catalog/DefaultVersionCatalog;.<clinit>()V> (0x0000000083de23f8) 
thrown [s\src\hotspot\share\prims\jni.cpp, line 1139]
Event: 14.660 Thread 0x00000170e0d41ee0 Exception <a 'java/lang/NoSuchMethodError'{0x0000000083c19ff0}: static [Ljava/lang/Object;.<clinit>()V> (0x0000000083c19ff0) 
thrown [s\src\hotspot\share\prims\jni.cpp, line 1139]
Event: 14.667 Thread 0x00000170e0d41ee0 Exception <a 'java/lang/NoSuchMethodError'{0x0000000083c41428}: static Lorg/gradle/api/internal/catalog/DependencyModel;.<clinit>()V> (0x0000000083c41428) 
thrown [s\src\hotspot\share\prims\jni.cpp, line 1139]
Event: 14.668 Thread 0x00000170e0d41ee0 Exception <a 'java/lang/NoSuchMethodError'{0x0000000083c45218}: static Lorg/gradle/api/internal/catalog/AbstractContextAwareModel;.<clinit>()V> (0x0000000083c45218) 
thrown [s\src\hotspot\share\prims\jni.cpp, line 1139]
Event: 14.670 Thread 0x00000170e0d41ee0 Exception <a 'java/lang/NoSuchMethodError'{0x0000000083c5ee78}: static Lorg/gradle/api/internal/artifacts/dependencies/AbstractVersionConstraint;.<clinit>()V> (0x0000000083c5ee78) 
thrown [s\src\hotspot\share\prims\jni.cpp, line 1139]
Event: 14.679 Thread 0x00000170e0d41ee0 Exception <a 'java/lang/NoSuchMethodError'{0x0000000083cc32f0}: static Lorg/gradle/api/internal/catalog/PluginModel;.<clinit>()V> (0x0000000083cc32f0) 
thrown [s\src\hotspot\share\prims\jni.cpp, line 1139]
Event: 14.681 Thread 0x00000170e0d41ee0 Exception <a 'java/lang/NoSuchMethodError'{0x0000000083cda7a0}: static Lorg/gradle/api/internal/catalog/VersionModel;.<clinit>()V> (0x0000000083cda7a0) 
thrown [s\src\hotspot\share\prims\jni.cpp, line 1139]
Event: 14.828 Thread 0x00000170e0d41ee0 Exception <a 'java/lang/NoSuchMethodError'{0x00000000838c63c0}: 'int java.lang.invoke.DirectMethodHandle$Holder.invokeSpecialIFC(java.lang.Object, java.lang.Object, java.lang.Object)'> (0x00000000838c63c0) 
thrown [s\src\hotspot\share\interpreter\linkResolver.cpp, line 784]
Event: 14.952 Thread 0x00000170e0d41ee0 Exception <a 'java/lang/NoSuchMethodError'{0x0000000086039390}: 'void java.lang.invoke.DirectMethodHandle$Holder.invokeStatic(java.lang.Object, java.lang.Object, java.lang.Object, int, java.lang.Object)'> (0x0000000086039390) 
thrown [s\src\hotspot\share\interpreter\linkResolver.cpp, line 784]
Event: 15.101 Thread 0x00000170e0d41ee0 Exception <a 'sun/nio/fs/WindowsException'{0x0000000085d06538}> (0x0000000085d06538) 
thrown [s\src\hotspot\share\prims\jni.cpp, line 535]
Event: 15.229 Thread 0x00000170e0d41ee0 Exception <a 'java/lang/NoSuchMethodError'{0x0000000085bf1430}: 'void java.lang.invoke.DirectMethodHandle$Holder.invokeVirtual(java.lang.Object, java.lang.Object)'> (0x0000000085bf1430) 
thrown [s\src\hotspot\share\interpreter\linkResolver.cpp, line 784]

ZGC Phase Switch (0 events):
No events

VM Operations (20 events):
Event: 13.699 Executing VM operation: HandshakeAllThreads (Deoptimize)
Event: 13.699 Executing VM operation: HandshakeAllThreads (Deoptimize) done
Event: 13.871 Executing VM operation: HandshakeAllThreads (Deoptimize)
Event: 13.872 Executing VM operation: HandshakeAllThreads (Deoptimize) done
Event: 14.228 Executing VM operation: HandshakeAllThreads (Deoptimize)
Event: 14.228 Executing VM operation: HandshakeAllThreads (Deoptimize) done
Event: 14.340 Executing VM operation: ICBufferFull
Event: 14.340 Executing VM operation: ICBufferFull done
Event: 14.861 Executing VM operation: G1CollectForAllocation (G1 Evacuation Pause)
Event: 14.876 Executing VM operation: G1CollectForAllocation (G1 Evacuation Pause) done
Event: 15.024 Executing VM operation: HandshakeAllThreads (Deoptimize)
Event: 15.024 Executing VM operation: HandshakeAllThreads (Deoptimize) done
Event: 15.103 Executing VM operation: HandshakeAllThreads (Deoptimize)
Event: 15.103 Executing VM operation: HandshakeAllThreads (Deoptimize) done
Event: 15.114 Executing VM operation: HandshakeAllThreads (Deoptimize)
Event: 15.114 Executing VM operation: HandshakeAllThreads (Deoptimize) done
Event: 15.116 Executing VM operation: HandshakeAllThreads (Deoptimize)
Event: 15.117 Executing VM operation: HandshakeAllThreads (Deoptimize) done
Event: 15.213 Executing VM operation: HandshakeAllThreads (Deoptimize)
Event: 15.213 Executing VM operation: HandshakeAllThreads (Deoptimize) done

Memory protections (0 events):
No events

Nmethod flushes (20 events):
Event: 11.782 Thread 0x00000170dacf65a0 flushing  nmethod 0x00000170cdaabd90
Event: 11.782 Thread 0x00000170dacf65a0 flushing  nmethod 0x00000170cdb2ac90
Event: 11.782 Thread 0x00000170dacf65a0 flushing  nmethod 0x00000170cdb2d990
Event: 11.782 Thread 0x00000170dacf65a0 flushing  nmethod 0x00000170cdb73f90
Event: 11.782 Thread 0x00000170dacf65a0 flushing  nmethod 0x00000170cdb9db90
Event: 11.782 Thread 0x00000170dacf65a0 flushing  nmethod 0x00000170cdb9f310
Event: 11.782 Thread 0x00000170dacf65a0 flushing  nmethod 0x00000170c5fbec10
Event: 11.782 Thread 0x00000170dacf65a0 flushing  nmethod 0x00000170c5fc0510
Event: 11.782 Thread 0x00000170dacf65a0 flushing  nmethod 0x00000170c600c010
Event: 11.782 Thread 0x00000170dacf65a0 flushing  nmethod 0x00000170c602d010
Event: 11.782 Thread 0x00000170dacf65a0 flushing  nmethod 0x00000170c6055990
Event: 11.782 Thread 0x00000170dacf65a0 flushing  nmethod 0x00000170c6056110
Event: 11.782 Thread 0x00000170dacf65a0 flushing  nmethod 0x00000170c6120190
Event: 11.782 Thread 0x00000170dacf65a0 flushing  nmethod 0x00000170c6120590
Event: 11.782 Thread 0x00000170dacf65a0 flushing  nmethod 0x00000170c6121f90
Event: 11.782 Thread 0x00000170dacf65a0 flushing  nmethod 0x00000170c612bb90
Event: 11.782 Thread 0x00000170dacf65a0 flushing  nmethod 0x00000170c612c110
Event: 11.782 Thread 0x00000170dacf65a0 flushing  nmethod 0x00000170c632c210
Event: 11.782 Thread 0x00000170dacf65a0 flushing  nmethod 0x00000170c6331b10
Event: 11.782 Thread 0x00000170dacf65a0 flushing  nmethod 0x00000170c63f5e90

Events (20 events):
Event: 8.207 Thread 0x00000170e0d41ee0 Thread added: 0x00000170e2a85cc0
Event: 8.653 Thread 0x00000170e0d41ee0 Thread added: 0x00000170e2a86350
Event: 8.812 Thread 0x00000170e0d41ee0 Thread added: 0x00000170e2a88ab0
Event: 10.111 Thread 0x00000170e0d41ee0 Thread added: 0x00000170e2a89140
Event: 10.117 Thread 0x00000170e0d41ee0 Thread added: 0x00000170e2a869e0
Event: 10.120 Thread 0x00000170e0d41ee0 Thread added: 0x00000170e2a84280
Event: 10.123 Thread 0x00000170e0d41ee0 Thread added: 0x00000170e2a87070
Event: 10.225 Thread 0x00000170e0d41ee0 Thread added: 0x00000170e2a85630
Event: 10.227 Thread 0x00000170e0d41ee0 Thread added: 0x00000170e2a84910
Event: 10.228 Thread 0x00000170e0d41ee0 Thread added: 0x00000170e2a83bf0
Event: 10.229 Thread 0x00000170e0d41ee0 Thread added: 0x00000170e2a87700
Event: 10.389 Thread 0x00000170e0d41ee0 Thread added: 0x00000170e2a8b210
Event: 10.475 Thread 0x00000170e0d41ee0 Thread added: 0x00000170e2a897d0
Event: 10.526 Thread 0x00000170e0d41ee0 Thread added: 0x00000170e2a89e60
Event: 10.527 Thread 0x00000170e0d41ee0 Thread added: 0x00000170e2a84fa0
Event: 10.528 Thread 0x00000170e0d41ee0 Thread added: 0x00000170e2a87d90
Event: 10.531 Thread 0x00000170e0d41ee0 Thread added: 0x00000170e361afc0
Event: 10.580 Thread 0x00000170e0d41ee0 Thread added: 0x00000170e3617b40
Event: 10.623 Thread 0x00000170e0d41ee0 Thread added: 0x00000170e3615a70
Event: 10.651 Thread 0x00000170e0d41ee0 Thread added: 0x00000170e3619c10


Dynamic libraries:
0x00007ff68f130000 - 0x00007ff68f13a000 	C:\Program Files\Android\Android Studio\jbr\bin\java.exe
0x00007fffa9d30000 - 0x00007fffa9f47000 	C:\WINDOWS\SYSTEM32\ntdll.dll
0x00007fffa79c0000 - 0x00007fffa7a84000 	C:\WINDOWS\System32\KERNEL32.DLL
0x00007fffa7140000 - 0x00007fffa7510000 	C:\WINDOWS\System32\KERNELBASE.dll
0x00007fffa7770000 - 0x00007fffa7881000 	C:\WINDOWS\System32\ucrtbase.dll
0x00007fff86a50000 - 0x00007fff86a6b000 	C:\Program Files\Android\Android Studio\jbr\bin\VCRUNTIME140.dll
0x00007fff907d0000 - 0x00007fff907e8000 	C:\Program Files\Android\Android Studio\jbr\bin\jli.dll
0x00007fffa9030000 - 0x00007fffa91e1000 	C:\WINDOWS\System32\USER32.dll
0x00007fff8f230000 - 0x00007fff8f4cc000 	C:\WINDOWS\WinSxS\amd64_microsoft.windows.common-controls_6595b64144ccf1df_6.0.22621.5840_none_2710ea077384a4fe\COMCTL32.dll
0x00007fffa7740000 - 0x00007fffa7766000 	C:\WINDOWS\System32\win32u.dll
0x00007fffa8f80000 - 0x00007fffa9027000 	C:\WINDOWS\System32\msvcrt.dll
0x00007fffa80e0000 - 0x00007fffa8109000 	C:\WINDOWS\System32\GDI32.dll
0x00007fffa7890000 - 0x00007fffa79b3000 	C:\WINDOWS\System32\gdi32full.dll
0x00007fffa6e30000 - 0x00007fffa6eca000 	C:\WINDOWS\System32\msvcp_win.dll
0x00007fffa7c30000 - 0x00007fffa7c61000 	C:\WINDOWS\System32\IMM32.DLL
0x00007fff87c30000 - 0x00007fff87c3c000 	C:\Program Files\Android\Android Studio\jbr\bin\vcruntime140_1.dll
0x00007fff86140000 - 0x00007fff861cd000 	C:\Program Files\Android\Android Studio\jbr\bin\msvcp140.dll
0x00007fff52b50000 - 0x00007fff537db000 	C:\Program Files\Android\Android Studio\jbr\bin\server\jvm.dll
0x00007fffa7e40000 - 0x00007fffa7ef1000 	C:\WINDOWS\System32\ADVAPI32.dll
0x00007fffa7c70000 - 0x00007fffa7d18000 	C:\WINDOWS\System32\sechost.dll
0x00007fffa7110000 - 0x00007fffa7138000 	C:\WINDOWS\System32\bcrypt.dll
0x00007fffa7d20000 - 0x00007fffa7e38000 	C:\WINDOWS\System32\RPCRT4.dll
0x00007fffa9210000 - 0x00007fffa9281000 	C:\WINDOWS\System32\WS2_32.dll
0x00007fffa6d10000 - 0x00007fffa6d5d000 	C:\WINDOWS\SYSTEM32\POWRPROF.dll
0x00007fffa0970000 - 0x00007fffa09a4000 	C:\WINDOWS\SYSTEM32\WINMM.dll
0x00007fffa2d80000 - 0x00007fffa2d8a000 	C:\WINDOWS\SYSTEM32\VERSION.dll
0x00007fffa6ce0000 - 0x00007fffa6cf3000 	C:\WINDOWS\SYSTEM32\UMPDC.dll
0x00007fffa5e00000 - 0x00007fffa5e18000 	C:\WINDOWS\SYSTEM32\kernel.appcore.dll
0x00007fff86a40000 - 0x00007fff86a4a000 	C:\Program Files\Android\Android Studio\jbr\bin\jimage.dll
0x00007fffa4700000 - 0x00007fffa4933000 	C:\WINDOWS\SYSTEM32\DBGHELP.DLL
0x00007fffa8220000 - 0x00007fffa85b1000 	C:\WINDOWS\System32\combase.dll
0x00007fffa9c10000 - 0x00007fffa9ce8000 	C:\WINDOWS\System32\OLEAUT32.dll
0x00007fff9e4e0000 - 0x00007fff9e512000 	C:\WINDOWS\SYSTEM32\dbgcore.DLL
0x00007fffa7090000 - 0x00007fffa710b000 	C:\WINDOWS\System32\bcryptPrimitives.dll
0x00007fffa3460000 - 0x00007fffa346e000 	C:\Program Files\Android\Android Studio\jbr\bin\instrument.dll
0x00007fff869e0000 - 0x00007fff86a00000 	C:\Program Files\Android\Android Studio\jbr\bin\java.dll
0x00007fff864a0000 - 0x00007fff864b8000 	C:\Program Files\Android\Android Studio\jbr\bin\zip.dll
0x00007fffa85d0000 - 0x00007fffa8e71000 	C:\WINDOWS\System32\SHELL32.dll
0x00007fffa6ed0000 - 0x00007fffa700f000 	C:\WINDOWS\System32\wintypes.dll
0x00007fffa4d00000 - 0x00007fffa561a000 	C:\WINDOWS\SYSTEM32\windows.storage.dll
0x00007fffa8110000 - 0x00007fffa821a000 	C:\WINDOWS\System32\SHCORE.dll
0x00007fffa8f10000 - 0x00007fffa8f79000 	C:\WINDOWS\System32\shlwapi.dll
0x00007fffa6d60000 - 0x00007fffa6d85000 	C:\WINDOWS\SYSTEM32\profapi.dll
0x00007fff869d0000 - 0x00007fff869e0000 	C:\Program Files\Android\Android Studio\jbr\bin\net.dll
0x00007fffa0da0000 - 0x00007fffa0ecc000 	C:\WINDOWS\SYSTEM32\WINHTTP.dll
0x00007fffa62e0000 - 0x00007fffa6349000 	C:\WINDOWS\system32\mswsock.dll
0x00007fff863c0000 - 0x00007fff863d6000 	C:\Program Files\Android\Android Studio\jbr\bin\nio.dll
0x00007fff85f60000 - 0x00007fff85f70000 	C:\Program Files\Android\Android Studio\jbr\bin\verify.dll
0x00007fff7aaa0000 - 0x00007fff7aac7000 	C:\Users\HP\.gradle\native\1def1411415f61bf3af743bc5b6707747c0891f09f0c88961ee8f79bc544acac\windows-amd64\native-platform.dll
0x00007fff85dc0000 - 0x00007fff85e38000 	C:\Users\HP\.gradle\native\0.2.7\x86_64-windows-gnu\gradle-fileevents.dll
0x00007fff861f0000 - 0x00007fff861f9000 	C:\Program Files\Android\Android Studio\jbr\bin\management.dll
0x00007fff861e0000 - 0x00007fff861eb000 	C:\Program Files\Android\Android Studio\jbr\bin\management_ext.dll
0x00007fffa7f50000 - 0x00007fffa7f58000 	C:\WINDOWS\System32\PSAPI.DLL
0x00007fffa5880000 - 0x00007fffa58ad000 	C:\WINDOWS\SYSTEM32\IPHLPAPI.DLL
0x00007fffa8f00000 - 0x00007fffa8f09000 	C:\WINDOWS\System32\NSI.dll
0x00007fff863b0000 - 0x00007fff863b9000 	C:\Program Files\Android\Android Studio\jbr\bin\extnet.dll
0x00007fffa6540000 - 0x00007fffa655b000 	C:\WINDOWS\SYSTEM32\CRYPTSP.dll
0x00007fffa5d60000 - 0x00007fffa5d97000 	C:\WINDOWS\system32\rsaenh.dll
0x00007fffa63d0000 - 0x00007fffa63f8000 	C:\WINDOWS\SYSTEM32\USERENV.dll
0x00007fffa6530000 - 0x00007fffa653c000 	C:\WINDOWS\SYSTEM32\CRYPTBASE.dll
0x00007fff27af0000 - 0x00007fff27af8000 	C:\WINDOWS\system32\wshunix.dll

dbghelp: loaded successfully - version: 4.0.5 - missing functions: none
symbol engine: initialized successfully - sym options: 0x614 - pdb path: .;C:\Program Files\Android\Android Studio\jbr\bin;C:\WINDOWS\SYSTEM32;C:\WINDOWS\WinSxS\amd64_microsoft.windows.common-controls_6595b64144ccf1df_6.0.22621.5840_none_2710ea077384a4fe;C:\Program Files\Android\Android Studio\jbr\bin\server;C:\Users\HP\.gradle\native\1def1411415f61bf3af743bc5b6707747c0891f09f0c88961ee8f79bc544acac\windows-amd64;C:\Users\HP\.gradle\native\0.2.7\x86_64-windows-gnu

VM Arguments:
jvm_args: --add-opens=java.base/java.lang=ALL-UNNAMED --add-opens=java.base/java.lang.invoke=ALL-UNNAMED --add-opens=java.base/java.util=ALL-UNNAMED --add-opens=java.prefs/java.util.prefs=ALL-UNNAMED --add-exports=jdk.compiler/com.sun.tools.javac.api=ALL-UNNAMED --add-exports=jdk.compiler/com.sun.tools.javac.util=ALL-UNNAMED --add-opens=java.base/java.util=ALL-UNNAMED --add-opens=java.prefs/java.util.prefs=ALL-UNNAMED --add-opens=java.base/java.nio.charset=ALL-UNNAMED --add-opens=java.base/java.net=ALL-UNNAMED --add-opens=java.base/java.util.concurrent.atomic=ALL-UNNAMED --add-opens=java.xml/javax.xml.namespace=ALL-UNNAMED -Xmx2048m -Dfile.encoding=UTF-8 -Duser.country=FR -Duser.language=fr -Duser.variant -javaagent:C:\Users\HP\.gradle\wrapper\dists\gradle-8.13-bin\5xuhj0ry160q40clulazy9h7d\gradle-8.13\lib\agents\gradle-instrumentation-agent-8.13.jar 
java_command: org.gradle.launcher.daemon.bootstrap.GradleDaemon 8.13
java_class_path (initial): C:\Users\HP\.gradle\wrapper\dists\gradle-8.13-bin\5xuhj0ry160q40clulazy9h7d\gradle-8.13\lib\gradle-daemon-main-8.13.jar
Launcher Type: SUN_STANDARD

[Global flags]
     intx CICompilerCount                          = 4                                         {product} {ergonomic}
     uint ConcGCThreads                            = 2                                         {product} {ergonomic}
     uint G1ConcRefinementThreads                  = 8                                         {product} {ergonomic}
   size_t G1HeapRegionSize                         = 1048576                                   {product} {ergonomic}
    uintx GCDrainStackTargetSize                   = 64                                        {product} {ergonomic}
   size_t InitialHeapSize                          = 130023424                                 {product} {ergonomic}
   size_t MarkStackSize                            = 4194304                                   {product} {ergonomic}
   size_t MaxHeapSize                              = 2147483648                                {product} {command line}
   size_t MaxNewSize                               = 1287651328                                {product} {ergonomic}
   size_t MinHeapDeltaBytes                        = 1048576                                   {product} {ergonomic}
   size_t MinHeapSize                              = 8388608                                   {product} {ergonomic}
    uintx NonNMethodCodeHeapSize                   = 5839372                                {pd product} {ergonomic}
    uintx NonProfiledCodeHeapSize                  = 122909434                              {pd product} {ergonomic}
    uintx ProfiledCodeHeapSize                     = 122909434                              {pd product} {ergonomic}
    uintx ReservedCodeCacheSize                    = 251658240                              {pd product} {ergonomic}
     bool SegmentedCodeCache                       = true                                      {product} {ergonomic}
   size_t SoftMaxHeapSize                          = 2147483648                             {manageable} {ergonomic}
     bool UseCompressedOops                        = true                           {product lp64_product} {ergonomic}
     bool UseG1GC                                  = true                                      {product} {ergonomic}
     bool UseLargePagesIndividualAllocation        = false                                  {pd product} {ergonomic}

Logging:
Log output configuration:
 #0: stdout all=warning uptime,level,tags foldmultilines=false
 #1: stderr all=off uptime,level,tags foldmultilines=false

Environment Variables:
PATH=C:\Program Files\Common Files\Oracle\Java\javapath;C:\Python312\Scripts\;C:\Python312\;C:\WINDOWS\system32;C:\WINDOWS;C:\WINDOWS\System32\Wbem;C:\WINDOWS\System32\WindowsPowerShell\v1.0\;C:\WINDOWS\System32\OpenSSH\;C:\Program Files\nodejs\;C:\ProgramData\chocolatey\bin;C:\Program Files\Git\cmd;C:\Program Files\Git\bin;C:\Program Files\php-7.2.5;C:\ProgramData\ComposerSetup\bin;C:\Users\HP\AppData\Local\Microsoft\WindowsApps;C:\Users\HP\AppData\Roaming\npm;C:\Users\HP\AppData\Local\Programs\Microsoft VS Code\bin;C:\Program Files\JetBrains\IntelliJ IDEA 2024.2.0.1\bin;;C:\Program Files\php-7.2.5;C:\Users\HP\AppData\Roaming\Composer\vendor\bin;
USERNAME=HP
OS=Windows_NT
PROCESSOR_IDENTIFIER=Intel64 Family 6 Model 142 Stepping 12, GenuineIntel
TMP=C:\Users\HP\AppData\Local\Temp
TEMP=C:\Users\HP\AppData\Local\Temp




Periodic native trim disabled

JNI global refs:
JNI global refs: 26, weak refs: 6

JNI global refs memory usage: 835, weak refs: 833

Process memory usage:
Resident Set Size: 310176K (3% of 8100768K total physical memory with 164032K free physical memory)

OOME stack traces (most recent first):
Classloader memory used:
Loader org.gradle.internal.classloader.VisitableURLClassLoader                         : 36612K
Loader bootstrap                                                                       : 25828K
Loader org.gradle.initialization.MixInLegacyTypesClassLoader                           : 10347K
Loader jdk.internal.loader.ClassLoaders$PlatformClassLoader                            : 668K
Loader jdk.internal.loader.ClassLoaders$AppClassLoader                                 : 235K
Loader org.gradle.internal.classloader.VisitableURLClassLoader                         : 145K
Loader jdk.internal.reflect.DelegatingClassLoader                                      : 113K
Loader org.gradle.groovy.scripts.internal.DefaultScriptCompilationHandler$ScriptClassLoader: 98024B
Loader org.gradle.internal.classloader.VisitableURLClassLoader$InstrumentingVisitableURLClassLoader: 18736B
Loader org.codehaus.groovy.runtime.callsite.CallSiteClassLoader                        : 10064B

Classes loaded by more than one classloader:
Class Program                                                                         : loaded 3 times (x 68B)
Class org.gradle.internal.classloader.ClassLoaderHierarchy                            : loaded 2 times (x 66B)
Class org.gradle.api.internal.classpath.ManifestUtil                                  : loaded 2 times (x 67B)
Class org.gradle.internal.classloader.DefaultClassLoaderFactory                       : loaded 2 times (x 78B)
Class org.gradle.internal.classloader.ClassLoaderVisitor                              : loaded 2 times (x 72B)
Class org.gradle.api.internal.classpath.EffectiveClassPath                            : loaded 2 times (x 86B)
Class ijKotlinCoroutineJvmDebugInit1_buww37xxpwyrlogzp1suct069$_run_closure1          : loaded 2 times (x 135B)
Class org.gradle.api.internal.DefaultClassPathProvider                                : loaded 2 times (x 72B)
Class [Lorg.gradle.api.internal.ClassPathProvider;                                    : loaded 2 times (x 65B)
Class org.gradle.api.internal.ClassPathProvider                                       : loaded 2 times (x 66B)
Class org.gradle.internal.service.UnknownServiceException                             : loaded 2 times (x 79B)
Class org.gradle.internal.classpath.TransformedClassPath                              : loaded 2 times (x 92B)
Class org.gradle.internal.classloader.InstrumentingClassLoader                        : loaded 2 times (x 66B)
Class org.gradle.internal.service.ServiceLocator                                      : loaded 2 times (x 66B)
Class org.gradle.internal.InternalTransformer                                         : loaded 2 times (x 66B)
Class org.gradle.internal.classloader.ClasspathUtil$1                                 : loaded 2 times (x 72B)
Class org.gradle.api.internal.classpath.DefaultModuleRegistry$DefaultModule           : loaded 2 times (x 82B)
Class org.gradle.api.internal.classpath.Module                                        : loaded 2 times (x 66B)
Class org.gradle.api.internal.classpath.UnknownModuleException                        : loaded 2 times (x 78B)
Class org.gradle.api.internal.DefaultClassPathRegistry                                : loaded 2 times (x 72B)
Class org.gradle.api.internal.ClassPathRegistry                                       : loaded 2 times (x 66B)
Class org.gradle.internal.classpath.DefaultClassPath$ImmutableUniqueList              : loaded 2 times (x 195B)
Class org.gradle.internal.classloader.FilteringClassLoader                            : loaded 2 times (x 101B)
Class Settings_gradle$1                                                               : loaded 2 times (x 70B)
Class org.gradle.internal.classpath.ClassPath                                         : loaded 2 times (x 66B)
Class org.gradle.api.UncheckedIOException                                             : loaded 2 times (x 78B)
Class org.gradle.internal.installation.GradleInstallation$1                           : loaded 2 times (x 71B)
Class org.gradle.api.internal.classpath.ModuleRegistry                                : loaded 2 times (x 66B)
Class org.gradle.api.internal.classpath.DefaultModuleRegistry                         : loaded 2 times (x 82B)
Class org.gradle.internal.service.ServiceLookupException                              : loaded 2 times (x 78B)
Class org.gradle.internal.classloader.ClassLoaderFactory                              : loaded 2 times (x 66B)
Class org.gradle.internal.service.CachingServiceLocator                               : loaded 2 times (x 78B)
Class org.gradle.internal.classloader.ClasspathUtil                                   : loaded 2 times (x 67B)
Class org.gradle.api.specs.Spec                                                       : loaded 2 times (x 66B)
Class ijKotlinCoroutineJvmDebugInit1_buww37xxpwyrlogzp1suct069                        : loaded 2 times (x 175B)
Class ijJvmDebugger1_cczc8vxz7m3kxxnoaqupzk0hw                                        : loaded 2 times (x 175B)
Class org.gradle.internal.classloader.VisitableURLClassLoader$InstrumentingVisitableURLClassLoader: loaded 2 times (x 119B)
Class org.gradle.internal.classloader.VisitableURLClassLoader$Spec                    : loaded 2 times (x 70B)
Class org.gradle.internal.classpath.DefaultClassPath                                  : loaded 2 times (x 86B)
Class org.gradle.internal.classloader.ClassLoaderSpec                                 : loaded 2 times (x 67B)
Class Settings_gradle$1$1                                                             : loaded 2 times (x 70B)
Class org.gradle.internal.classloader.VisitableURLClassLoader                         : loaded 2 times (x 113B)
Class Settings_gradle                                                                 : loaded 2 times (x 124B)
Class org.gradle.internal.Cast                                                        : loaded 2 times (x 67B)
Class org.gradle.api.Action                                                           : loaded 2 times (x 66B)
Class org.gradle.internal.classpath.DefaultClassPath$ImmutableUniqueList$Builder      : loaded 2 times (x 71B)
Class org.gradle.api.GradleException                                                  : loaded 2 times (x 78B)
Class ijJvmDebugger1_cczc8vxz7m3kxxnoaqupzk0hw$_run_closure1                          : loaded 2 times (x 135B)
Class org.gradle.internal.IoActions                                                   : loaded 2 times (x 67B)
Class org.gradle.internal.classloader.SystemClassLoaderSpec                           : loaded 2 times (x 67B)
Class org.gradle.api.internal.classpath.GlobalCacheRootsProvider                      : loaded 2 times (x 66B)
Class org.gradle.internal.installation.CurrentGradleInstallationLocator               : loaded 2 times (x 67B)
Class org.gradle.internal.service.DefaultServiceLocator                               : loaded 2 times (x 79B)
Class org.gradle.internal.installation.CurrentGradleInstallation                      : loaded 2 times (x 69B)
Class org.gradle.util.internal.GUtil                                                  : loaded 2 times (x 67B)
Class org.gradle.internal.installation.GradleInstallation                             : loaded 2 times (x 71B)

---------------  S Y S T E M  ---------------

OS:
 Windows 11 , 64 bit Build 22621 (10.0.22621.5415)
OS uptime: 7 days 19:38 hours

CPU: total 8 (initial active 8) (4 cores per cpu, 2 threads per core) family 6 model 142 stepping 12 microcode 0xfa, cx8, cmov, fxsr, ht, mmx, 3dnowpref, sse, sse2, sse3, ssse3, sse4.1, sse4.2, popcnt, lzcnt, tsc, tscinvbit, avx, avx2, aes, erms, clmul, bmi1, bmi2, adx, fma, vzeroupper, clflush, clflushopt, rdtscp, f16c
Processor Information for the first 8 processors :
  Max Mhz: 1800, Current Mhz: 1500, Mhz Limit: 1584

Memory: 4k page, system-wide physical 7910M (169M free)
TotalPageFile size 32486M (AvailPageFile size 22M)
current process WorkingSet (physical memory assigned to process): 303M, peak: 303M
current process commit charge ("private bytes"): 338M, peak: 340M

vm_info: OpenJDK 64-Bit Server VM (21.0.6+-13391695-b895.109) for windows-amd64 JRE (21.0.6+-13391695-b895.109), built on 2025-04-22T21:19:17Z by "builder" with MS VC++ 16.10 / 16.11 (VS2019)

END.
